// Jest Snapshot v1, https://goo.gl/fbAQLP

exports[`should render EditExpensePage correctly 1`] = `
<div>
  <div
    className="page-header"
  >
    <div
      className="content-container"
    >
      <h1
        className="page-header__title"
      >
        Edit Expense
      </h1>
    </div>
  </div>
  <ExpenseForm
    expense={
      Object {
        "amount": 7200,
        "createdAt": 3000,
        "description": "water bill",
        "id": "2",
        "note": "pay the water bill",
      }
    }
    onSubmit={[Function]}
  />
  <div
    className="content-container button-container"
  >
    <button
      className="button button--red"
      onClick={[Function]}
    >
      Delete Expense
    </button>
  </div>
</div>
`;
