// Jest Snapshot v1, https://goo.gl/fbAQLP

exports[`should render Expesense List Item 1`] = `
<tr>
  <td>
    <button
      onClick={[Function]}
    >
      X
    </button>
    <Link
      to="/edit/1"
    >
      light bill
      <span>
        Dec 31st 1969
      </span>
    </Link>
  </td>
  <td>
    $100
  </td>
</tr>
`;
